Error (Line 21): syntax error. Token: '>'
